  Determining projects to restore...
D:\Proje\FeatureRequestApp\src\FeatureRequestPortal.Web\FeatureRequestPortal.Web.csproj : warning NU1504: Duplicate 'PackageReference' items found. Remove the duplicate items or use the Update functionality to ensure a consistent restore behavior. The duplicate 'PackageReference' items are: Microsoft.EntityFrameworkCore.InMemory 10.0.0, Microsoft.EntityFrameworkCore.InMemory 10.0.0.
  All projects are up-to-date for restore.
  FeatureRequestPortal.Domain.Shared -> D:\Proje\FeatureRequestApp\src\FeatureRequestPortal.Domain.Shared\bin\Debug\net10.0\FeatureRequestPortal.Domain.Shared.dll
D:\Proje\FeatureRequestApp\src\FeatureRequestPortal.Web\FeatureRequestPortal.Web.csproj : warning NU1504: Duplicate 'PackageReference' items found. Remove the duplicate items or use the Update functionality to ensure a consistent restore behavior. The duplicate 'PackageReference' items are: Microsoft.EntityFrameworkCore.InMemory 10.0.0, Microsoft.EntityFrameworkCore.InMemory 10.0.0.
  FeatureRequestPortal.TestBase -> D:\Proje\FeatureRequestApp\test\FeatureRequestPortal.TestBase\bin\Debug\net10.0\FeatureRequestPortal.TestBase.dll
  FeatureRequestPortal.Application.Contracts -> D:\Proje\FeatureRequestApp\src\FeatureRequestPortal.Application.Contracts\bin\Debug\net10.0\FeatureRequestPortal.Application.Contracts.dll
  FeatureRequestPortal.HttpApi.Client -> D:\Proje\FeatureRequestApp\src\FeatureRequestPortal.HttpApi.Client\bin\Debug\net10.0\FeatureRequestPortal.HttpApi.Client.dll
D:\Proje\FeatureRequestApp\src\FeatureRequestPortal.Domain\FeatureRequests\FeatureRequest.cs(18,12): warning CS8618: Non-nullable property 'Title' must contain a non-null value when exiting constructor. Consider adding the 'required' modifier or declaring the property as nullable. [D:\Proje\FeatureRequestApp\src\FeatureRequestPortal.Domain\FeatureRequestPortal.Domain.csproj]
D:\Proje\FeatureRequestApp\src\FeatureRequestPortal.Domain\FeatureRequests\FeatureRequest.cs(18,12): warning CS8618: Non-nullable property 'Description' must contain a non-null value when exiting constructor. Consider adding the 'required' modifier or declaring the property as nullable. [D:\Proje\FeatureRequestApp\src\FeatureRequestPortal.Domain\FeatureRequestPortal.Domain.csproj]
D:\Proje\FeatureRequestApp\src\FeatureRequestPortal.Domain\FeatureRequests\Comment.cs(11,12): warning CS8618: Non-nullable property 'Text' must contain a non-null value when exiting constructor. Consider adding the 'required' modifier or declaring the property as nullable. [D:\Proje\FeatureRequestApp\src\FeatureRequestPortal.Domain\FeatureRequestPortal.Domain.csproj]
D:\Proje\FeatureRequestApp\src\FeatureRequestPortal.Domain\OpenIddict\OpenIddictDataSeedContributor.cs(82,50): warning CS8604: Possible null reference argument for parameter 'item' in 'void List<string>.Add(string item)'. [D:\Proje\FeatureRequestApp\src\FeatureRequestPortal.Domain\FeatureRequestPortal.Domain.csproj]
D:\Proje\FeatureRequestApp\src\FeatureRequestPortal.Domain\OpenIddict\OpenIddictDataSeedContributor.cs(111,28): warning CS8604: Possible null reference argument for parameter 'str' in 'string AbpStringExtensions.EnsureEndsWith(string str, char c, StringComparison comparisonType = StringComparison.Ordinal)'. [D:\Proje\FeatureRequestApp\src\FeatureRequestPortal.Domain\FeatureRequestPortal.Domain.csproj]
  FeatureRequestPortal.Domain -> D:\Proje\FeatureRequestApp\src\FeatureRequestPortal.Domain\bin\Debug\net10.0\FeatureRequestPortal.Domain.dll
  FeatureRequestPortal.HttpApi -> D:\Proje\FeatureRequestApp\src\FeatureRequestPortal.HttpApi\bin\Debug\net10.0\FeatureRequestPortal.HttpApi.dll
  FeatureRequestPortal.HttpApi.Client.ConsoleTestApp -> D:\Proje\FeatureRequestApp\test\FeatureRequestPortal.HttpApi.Client.ConsoleTestApp\bin\Debug\net10.0\FeatureRequestPortal.HttpApi.Client.ConsoleTestApp.dll
  FeatureRequestPortal.Application -> D:\Proje\FeatureRequestApp\src\FeatureRequestPortal.Application\bin\Debug\net10.0\FeatureRequestPortal.Application.dll
  FeatureRequestPortal.EntityFrameworkCore -> D:\Proje\FeatureRequestApp\src\FeatureRequestPortal.EntityFrameworkCore\bin\Debug\net10.0\FeatureRequestPortal.EntityFrameworkCore.dll
  FeatureRequestPortal.Domain.Tests -> D:\Proje\FeatureRequestApp\test\FeatureRequestPortal.Domain.Tests\bin\Debug\net10.0\FeatureRequestPortal.Domain.Tests.dll
  FeatureRequestPortal.Application.Tests -> D:\Proje\FeatureRequestApp\test\FeatureRequestPortal.Application.Tests\bin\Debug\net10.0\FeatureRequestPortal.Application.Tests.dll
D:\Proje\FeatureRequestApp\src\FeatureRequestPortal.Web\Menus\FeatureRequestPortalMenuContributor.cs(52,13): warning CS0162: Unreachable code detected [D:\Proje\FeatureRequestApp\src\FeatureRequestPortal.Web\FeatureRequestPortal.Web.csproj]
  FeatureRequestPortal.DbMigrator -> D:\Proje\FeatureRequestApp\src\FeatureRequestPortal.DbMigrator\bin\Debug\net10.0\FeatureRequestPortal.DbMigrator.dll
  FeatureRequestPortal.EntityFrameworkCore.Tests -> D:\Proje\FeatureRequestApp\test\FeatureRequestPortal.EntityFrameworkCore.Tests\bin\Debug\net10.0\FeatureRequestPortal.EntityFrameworkCore.Tests.dll
  FeatureRequestPortal.Web -> D:\Proje\FeatureRequestApp\src\FeatureRequestPortal.Web\bin\Debug\net10.0\FeatureRequestPortal.Web.dll
C:\Users\Ayse\.nuget\packages\microsoft.net.test.sdk\17.14.1\build\net8.0\Microsoft.NET.Test.Sdk.Program.cs(4,41): warning CS7022: The entry point of the program is global code; ignoring 'AutoGeneratedProgram.Main(string[])' entry point. [D:\Proje\FeatureRequestApp\test\FeatureRequestPortal.Web.Tests\FeatureRequestPortal.Web.Tests.csproj]
  FeatureRequestPortal.Web.Tests -> D:\Proje\FeatureRequestApp\test\FeatureRequestPortal.Web.Tests\bin\Debug\net10.0\FeatureRequestPortal.Web.Tests.dll

Build succeeded.

D:\Proje\FeatureRequestApp\src\FeatureRequestPortal.Web\FeatureRequestPortal.Web.csproj : warning NU1504: Duplicate 'PackageReference' items found. Remove the duplicate items or use the Update functionality to ensure a consistent restore behavior. The duplicate 'PackageReference' items are: Microsoft.EntityFrameworkCore.InMemory 10.0.0, Microsoft.EntityFrameworkCore.InMemory 10.0.0.
D:\Proje\FeatureRequestApp\src\FeatureRequestPortal.Web\FeatureRequestPortal.Web.csproj : warning NU1504: Duplicate 'PackageReference' items found. Remove the duplicate items or use the Update functionality to ensure a consistent restore behavior. The duplicate 'PackageReference' items are: Microsoft.EntityFrameworkCore.InMemory 10.0.0, Microsoft.EntityFrameworkCore.InMemory 10.0.0.
D:\Proje\FeatureRequestApp\src\FeatureRequestPortal.Domain\FeatureRequests\FeatureRequest.cs(18,12): warning CS8618: Non-nullable property 'Title' must contain a non-null value when exiting constructor. Consider adding the 'required' modifier or declaring the property as nullable. [D:\Proje\FeatureRequestApp\src\FeatureRequestPortal.Domain\FeatureRequestPortal.Domain.csproj]
D:\Proje\FeatureRequestApp\src\FeatureRequestPortal.Domain\FeatureRequests\FeatureRequest.cs(18,12): warning CS8618: Non-nullable property 'Description' must contain a non-null value when exiting constructor. Consider adding the 'required' modifier or declaring the property as nullable. [D:\Proje\FeatureRequestApp\src\FeatureRequestPortal.Domain\FeatureRequestPortal.Domain.csproj]
D:\Proje\FeatureRequestApp\src\FeatureRequestPortal.Domain\FeatureRequests\Comment.cs(11,12): warning CS8618: Non-nullable property 'Text' must contain a non-null value when exiting constructor. Consider adding the 'required' modifier or declaring the property as nullable. [D:\Proje\FeatureRequestApp\src\FeatureRequestPortal.Domain\FeatureRequestPortal.Domain.csproj]
D:\Proje\FeatureRequestApp\src\FeatureRequestPortal.Domain\OpenIddict\OpenIddictDataSeedContributor.cs(82,50): warning CS8604: Possible null reference argument for parameter 'item' in 'void List<string>.Add(string item)'. [D:\Proje\FeatureRequestApp\src\FeatureRequestPortal.Domain\FeatureRequestPortal.Domain.csproj]
D:\Proje\FeatureRequestApp\src\FeatureRequestPortal.Domain\OpenIddict\OpenIddictDataSeedContributor.cs(111,28): warning CS8604: Possible null reference argument for parameter 'str' in 'string AbpStringExtensions.EnsureEndsWith(string str, char c, StringComparison comparisonType = StringComparison.Ordinal)'. [D:\Proje\FeatureRequestApp\src\FeatureRequestPortal.Domain\FeatureRequestPortal.Domain.csproj]
D:\Proje\FeatureRequestApp\src\FeatureRequestPortal.Web\Menus\FeatureRequestPortalMenuContributor.cs(52,13): warning CS0162: Unreachable code detected [D:\Proje\FeatureRequestApp\src\FeatureRequestPortal.Web\FeatureRequestPortal.Web.csproj]
C:\Users\Ayse\.nuget\packages\microsoft.net.test.sdk\17.14.1\build\net8.0\Microsoft.NET.Test.Sdk.Program.cs(4,41): warning CS7022: The entry point of the program is global code; ignoring 'AutoGeneratedProgram.Main(string[])' entry point. [D:\Proje\FeatureRequestApp\test\FeatureRequestPortal.Web.Tests\FeatureRequestPortal.Web.Tests.csproj]
    9 Warning(s)
    0 Error(s)

Time Elapsed 00:01:36.71
